// Jest Snapshot v1, https://goo.gl/fbAQLP

exports[`it works 1`] = `
.c0 {
  color: red;
}

@media (max-width:640px) {
  .c0:hover {
    color: green;
  }
}

<button
  className="c0"
/>
`;
